// Jest Snapshot v1, https://goo.gl/fbAQLP

exports[`Test Login form match with snapshot 1`] = `
<div>
  <div
    className="login-name"
  >
    Name
  </div>
  <div
    className="login-password"
  >
    Password
  </div>
  <button
    className="storybook-button storybook-button--medium storybook-button--secondary"
    style={
      Object {
        "backgroundColor": undefined,
      }
    }
    type="button"
  >
    Login
  </button>
  <button
    className="storybook-button storybook-button--medium storybook-button--secondary"
    style={
      Object {
        "backgroundColor": undefined,
      }
    }
    type="button"
  >
    Register
  </button>
</div>
`;
