// Jest Snapshot v1, https://goo.gl/fbAQLP

exports[`Test Auth Webapp entry test againest snapshot 1`] = `
<div>
  <div
    className="card-header"
  >
    Welcome
  </div>
  <div
    className="container"
  >
    <div>
      <div
        className="login-name"
      >
        Name
      </div>
      <div
        className="login-password"
      >
        Password
      </div>
      <button
        className="storybook-button storybook-button--medium storybook-button--secondary"
        style={
          Object {
            "backgroundColor": undefined,
          }
        }
        type="button"
      >
        Login
      </button>
      <button
        className="storybook-button storybook-button--medium storybook-button--secondary"
        style={
          Object {
            "backgroundColor": undefined,
          }
        }
        type="button"
      >
        Register
      </button>
    </div>
  </div>
</div>
`;
